// Jest Snapshot v1, https://goo.gl/fbAQLP

exports[`reducers channels should handle initial state 1`] = `
Object {
  "favorites": Array [],
  "home": Array [],
}
`;
